2025-11-19 00:07:30, EXEC, v:1, k:poo@cinema, mode:FULL, rate:0, size:4
2025-11-19 00:07:31, MOVE, v:1, k:poo@cinema, mode:BACK
2025-11-19 00:07:38, MOVE, v:1, k:poo@budega, mode:PICK
2025-11-19 00:07:39, EXEC, v:1, k:poo@budega, mode:FULL, rate:0, size:81
2025-11-19 00:56:23, EXEC, v:1, k:poo@budega, mode:FULL, rate:0, size:77
2025-11-19 01:00:54, EXEC, v:1, k:poo@budega, mode:FULL, rate:0, size:80
2025-11-19 01:01:24, EXEC, v:1, k:poo@budega, mode:FULL, rate:0, size:80
2025-11-19 01:02:30, EXEC, v:1, k:poo@budega, mode:FULL, rate:0, size:81
2025-11-19 02:01:07, MOVE, v:1, k:poo@budega, mode:BACK
2025-11-19 02:01:12, MOVE, v:1, k:poo@cinema, mode:PICK
2025-11-19 02:01:13, EXEC, v:1, k:poo@cinema, mode:FULL, rate:0, size:12
2025-11-19 02:01:14, MOVE, v:1, k:poo@cinema, mode:BACK
2025-11-19 02:01:18, MOVE, v:1, k:poo@budega, mode:PICK
2025-11-19 02:01:19, EXEC, v:1, k:poo@budega, mode:FULL, rate:0, size:71
2025-11-19 02:08:32, EXEC, v:1, k:poo@budega, mode:FULL, rate:0, size:79
2025-11-19 02:09:30, EXEC, v:1, k:poo@budega, mode:FULL, rate:0, size:79
2025-11-19 02:10:12, EXEC, v:1, k:poo@budega, mode:FULL, rate:0, size:79
2025-11-19 02:10:49, EXEC, v:1, k:poo@budega, mode:FULL, rate:70, size:79
2025-11-19 02:11:04, EXEC, v:1, k:poo@budega, mode:FULL, rate:70
2025-11-19 02:16:53, EXEC, v:1, k:poo@budega, mode:FULL, rate:100, size:80
2025-11-19 02:17:18, MOVE, v:1, k:poo@budega, mode:BACK
2025-11-19 02:24:40, SELF, v:1, k:poo@budega, rate:100, human:sena_com_a_video_aula_assisti_fiz_e_refiz_um_monte_de_vezes_sempre_q_testava_nao_dava_certo_nada_mas_depois_fiz_uma_revisao_de_todo_o_conteudo_e_consegui_desenrolar, guide:sim_aula_do_sena, alone:10, study:370
2025-11-19 02:24:57, MOVE, v:1, k:poo@budega, mode:PICK
2025-11-19 02:25:02, EXEC, v:1, k:poo@budega, mode:FULL, rate:100
2025-11-19 02:25:02, MOVE, v:1, k:poo@budega, mode:BACK
2025-11-19 02:25:11, SELF, v:1, k:poo@budega, rate:100, human:sena_com_a_video_aula_assisti_fiz_e_refiz_um_monte_de_vezes_sempre_q_testava_nao_dava_certo_nada_mas_depois_fiz_uma_revisao_de_todo_o_conteudo_e_consegui_desenrolar, guide:sim_aula_do_sena, alone:10, study:450
2025-11-19 02:25:40, MOVE, v:1, k:poo@lapiseira, mode:PICK
2025-11-19 02:25:45, EXEC, v:1, k:poo@lapiseira, mode:FULL, rate:0
2025-11-19 02:25:47, MOVE, v:1, k:poo@lapiseira, mode:BACK
2025-11-19 02:29:18, MOVE, v:1, k:poo@array, mode:PICK
2025-11-19 02:29:22, EXEC, v:1, k:poo@array, mode:LOCK, rate:100
2025-11-19 02:36:13, EXEC, v:1, k:poo@array, mode:LOCK, rate:100
2025-11-19 03:11:55, EXEC, v:1, k:poo@array, mode:LOCK, rate:0, size:35
2025-11-19 03:11:57, MOVE, v:1, k:poo@array, mode:BACK
2025-11-19 03:16:04, MOVE, v:1, k:poo@lapiseira, mode:PICK
2025-11-19 03:16:10, EXEC, v:1, k:poo@lapiseira, mode:FULL, rate:0
2025-11-19 03:17:09, MOVE, v:1, k:poo@lapiseira, mode:BACK
2025-11-19 03:18:38, MOVE, v:1, k:poo@lapiseira, mode:PICK
2025-11-19 03:18:45, EXEC, v:1, k:poo@lapiseira, mode:FULL, rate:0
2025-11-19 03:20:05, MOVE, v:1, k:poo@lapiseira, mode:BACK
2025-11-19 03:20:07, MOVE, v:1, k:poo@lapiseira, mode:PICK
2025-11-19 03:27:27, EXEC, v:1, k:poo@lapiseira, mode:FULL, rate:0
2025-11-19 08:36:32, MOVE, v:1, k:poo@lapiseira, mode:BACK
2025-11-19 08:36:54, MOVE, v:1, k:poo@array, mode:PICK
2025-11-19 08:36:55, EXEC, v:1, k:poo@array, mode:LOCK, rate:0
2025-11-19 08:51:45, EXEC, v:1, k:poo@array, mode:LOCK, rate:100, size:52
2025-11-19 08:55:33, EXEC, v:1, k:poo@array, mode:LOCK, rate:100, size:58
2025-11-19 08:56:36, MOVE, v:1, k:poo@array, mode:BACK
2025-11-19 08:56:38, MOVE, v:1, k:poo@array, mode:PICK
2025-11-19 08:56:39, EXEC, v:1, k:poo@array, mode:LOCK, rate:100
2025-11-19 08:56:40, EXEC, v:1, k:poo@array, mode:LOCK, rate:100
2025-11-19 09:17:29, EXEC, v:1, k:poo@array, mode:LOCK, rate:100, size:73
2025-11-19 09:18:45, MOVE, v:1, k:poo@array, mode:BACK
2025-11-19 09:18:48, MOVE, v:1, k:poo@array, mode:PICK
2025-11-19 09:18:51, EXEC, v:1, k:poo@array, mode:LOCK, rate:100, size:73
2025-11-19 09:27:40, EXEC, v:1, k:poo@array, mode:LOCK, rate:0, size:78
2025-11-19 09:27:50, EXEC, v:1, k:poo@array, mode:LOCK, rate:100, size:78
2025-11-19 09:28:32, EXEC, v:1, k:poo@array, mode:LOCK, rate:100
2025-11-19 09:28:34, MOVE, v:1, k:poo@array, mode:BACK
2025-11-19 09:30:35, SELF, v:1, k:poo@array, rate:80, other:pdfs_de_poo_da_minha_irma_do_ifce_do_iguatu, alone:7, study:110
2025-11-19 09:30:45, MOVE, v:1, k:poo@array, mode:PICK
2025-11-19 09:30:46, EXEC, v:1, k:poo@array, mode:LOCK, rate:100
2025-11-19 09:30:47, EXEC, v:1, k:poo@array, mode:LOCK, rate:100
2025-11-19 09:31:27, MOVE, v:1, k:poo@array, mode:BACK
